// Jest Snapshot v1, https://goo.gl/fbAQLP

exports[`LocalTime has a description 1`] = `"A time string, such as 12:00:00, serialized in ISO8601 format"`;

exports[`LocalTime refuses to serialize strings that are not valid times 1`] = `"Text 'some garbage' could not be parsed at index 0: some garbage, at index: 0"`;

exports[`LocalTime rejects invalid times 1`] = `"Text 'some garbage' could not be parsed at index 0: some garbage, at index: 0"`;

exports[`LocalTime rejects undefined and throws 1`] = `" can not represent non-string type undefined"`;
