// Jest Snapshot v1, https://goo.gl/fbAQLP

exports[`LocalDateTime has a description 1`] = `"A date and time, such as 2018-07-01T12:00:00, without a timezone, serialized in ISO8601 format"`;

exports[`LocalDateTime refuses to serialize strings that are not valid dates 1`] = `"Text 'some garbage' could not be parsed at index 0: some garbage, at index: 0"`;

exports[`LocalDateTime rejects invalid datetimes 1`] = `"Text '2018-07-01' could not be parsed at index 10: 2018-07-01, at index: 10"`;

exports[`LocalDateTime rejects undefined and throws 1`] = `"name is not defined"`;
